2026-06-02 13:57:15,899 | INFO | Starting Refrigeration Sensor Hub
2026-06-02 13:57:15,899 | INFO | Initializing sensors...
2026-06-02 13:57:15,923 | INFO | Weather station SHT31 initialized
2026-06-02 13:57:15,924 | INFO | 1-Wire temperature sensor initialized
2026-06-02 13:57:15,924 | INFO | Sensors initialized. Entering main loop.
2026-06-02 13:57:15,924 | ERROR | Unexpected error in acquisition cycle: build_record() got an unexpected keyword argument 'onewire_sensor'
Traceback (most recent call last):
  File "/home/pi/Refrigeration-Sensor-Hub/src/main.py", line 216, in main
                    record = build_record(
                             ~~~~~~~~~~~~^
                        mission_service=mission_service,
                        ^^^^^^^^^^^^^^^^^^^^^^^^^^^^^^^^
    ...<6 lines>...
    		    onewire_sensor=onewire_sensor,
          ^^^^^^^^^^^^^^^^^^^^^^^^^^^^^^
                    )
                    ^
TypeError: build_record() got an unexpected keyword argument 'onewire_sensor'
2026-06-02 13:57:20,924 | ERROR | Unexpected error in acquisition cycle: build_record() got an unexpected keyword argument 'onewire_sensor'
Traceback (most recent call last):
  File "/home/pi/Refrigeration-Sensor-Hub/src/main.py", line 216, in main
                    record = build_record(
                             ~~~~~~~~~~~~^
                        mission_service=mission_service,
                        ^^^^^^^^^^^^^^^^^^^^^^^^^^^^^^^^
    ...<6 lines>...
    		    onewire_sensor=onewire_sensor,
          ^^^^^^^^^^^^^^^^^^^^^^^^^^^^^^
                    )
                    ^
TypeError: build_record() got an unexpected keyword argument 'onewire_sensor'
2026-06-02 13:57:25,924 | ERROR | Unexpected error in acquisition cycle: build_record() got an unexpected keyword argument 'onewire_sensor'
Traceback (most recent call last):
  File "/home/pi/Refrigeration-Sensor-Hub/src/main.py", line 216, in main
                    record = build_record(
                             ~~~~~~~~~~~~^
                        mission_service=mission_service,
                        ^^^^^^^^^^^^^^^^^^^^^^^^^^^^^^^^
    ...<6 lines>...
    		    onewire_sensor=onewire_sensor,
          ^^^^^^^^^^^^^^^^^^^^^^^^^^^^^^
                    )
                    ^
TypeError: build_record() got an unexpected keyword argument 'onewire_sensor'
2026-06-02 13:57:26,802 | INFO | Stopping sensor hub due to keyboard interrupt
2026-06-02 13:57:26,802 | INFO | Sensor hub stopped cleanly
2026-06-02 14:03:10,560 | INFO | Starting Refrigeration Sensor Hub
2026-06-02 14:03:10,560 | INFO | Initializing sensors...
2026-06-02 14:03:10,581 | INFO | Weather station SHT31 initialized
2026-06-02 14:03:10,581 | INFO | 1-Wire temperature sensor initialized
2026-06-02 14:03:10,581 | INFO | Sensors initialized. Entering main loop.
2026-06-02 14:03:11,437 | INFO | Record logged: {'timestamp': '2026-06-02T13:03:11.437334+00:00', 'mission_id': None, 'van_id': 'van_01', 'inside': {'temperature_c': 23.77, 'humidity_percent': 42.16, 'onewire_temperatures': {'28-0b2551cc5a63': 24.25}}, 'door_open': False, 'gps': {'latitude': None, 'longitude': None, 'altitude_m': None, 'fix': False}, 'route': None, 'weather_station': {'temperature_c': 24.15, 'humidity_percent': 42.94}, 'power': None}
2026-06-02 14:03:16,462 | INFO | Record logged: {'timestamp': '2026-06-02T13:03:16.461707+00:00', 'mission_id': None, 'van_id': 'van_01', 'inside': {'temperature_c': 23.8, 'humidity_percent': 42.13, 'onewire_temperatures': {'28-0b2551cc5a63': 24.25}}, 'door_open': False, 'gps': {'latitude': 52.487090333333335, 'longitude': -1.8906445, 'altitude_m': 209.1, 'fix': True}, 'route': None, 'weather_station': {'temperature_c': 24.14, 'humidity_percent': 42.94}, 'power': None}
2026-06-02 14:03:21,454 | INFO | Record logged: {'timestamp': '2026-06-02T13:03:21.453603+00:00', 'mission_id': None, 'van_id': 'van_01', 'inside': {'temperature_c': 23.79, 'humidity_percent': 41.83, 'onewire_temperatures': {'28-0b2551cc5a63': 24.25}}, 'door_open': False, 'gps': {'latitude': 52.48701833333333, 'longitude': -1.8906851666666666, 'altitude_m': 202.3, 'fix': True}, 'route': None, 'weather_station': {'temperature_c': 24.15, 'humidity_percent': 42.84}, 'power': None}
2026-06-02 14:03:22,438 | INFO | Stopping sensor hub due to keyboard interrupt
2026-06-02 14:03:22,438 | INFO | Sensor hub stopped cleanly
